Case #1: Hello xrbew!
Case #2: Hello vlxyh!
Case #3: Hello mrukl!
Case #4: Hello qpfpi!
Case #5: Hello axoti!
Case #6: Hello gytyu!
Case #7: Hello esknj!
Case #8: Hello neiij!
Case #9: Hello tiizz!
Case #10: Hello qgyam!
Case #11: Hello cczvk!
Case #12: Hello hfthg!
Case #13: Hello tjcxm!
Case #14: Hello zroyw!
Case #15: Hello wyalb!
Case #16: Hello unwyv!
Case #17: Hello vmcnl!
Case #18: Hello zaqeg!
Case #19: Hello jvpqv!
Case #20: Hello cwhzr!
