Case #1: Hello Justus!
Case #2: Hello Bob!
Case #3: Hello Peter!
Case #4: Hello Mathilda!
Case #5: Hello Titus!
Case #6: Hello Patrick!
Case #7: Hello Kenneth!
Case #8: Hello Victor!
Case #9: Hello Skinny!
Case #10: Hello Jelena!
Case #11: Hello Kelly!
Case #12: Hello Elisabeth!
Case #13: Hello Liz!
Case #14: Hello Andreas!
Case #15: Hello Jens!
Case #16: Hello Oliver!
