Case #1: Hello xzlaxfltvbbgnfdwqjoxfjlxdcyvrbgmhoyacqohvgixkgdbzrsipjajdjmgidfhpvoxodmwjsmaphetcuabfvtqbyvobnyjgklf!
Case #2: Hello ikycifzbxcbytacmwsvxhttnuqedohbafhfsqsdbbxznvkgzcgrnrbrhqbzqzktimtsjfrbsatkbycumixuipmxloqzcjfaoanlo!
Case #3: Hello dacffjexuyuzdgphlmlzteptqbiunczuiopyytndrdpbftmsslkuismyqqrveucktayxedqwfbbyfboccjchpapsvwlrgjthcoja!
Case #4: Hello iqzjhzmbdvdnfkrypevrygcdkizwtmswujlfxjzzinsebyadmfkxzklzjngaawyulwqabtwkeameerxqkswtsycfllujdflybabp!
Case #5: Hello yavfrszipnivrjcoseppjphidgxcrwhwlwxdkwtpespmjfmvgmtechvxahddhcwywcgmfrqatifplsqkymkwpudtqgbinkrkafgu!
Case #6: Hello tvwsmugjlewytnzovwcevslradrrplqfmuwivaghmnvjzlwwytxtzaimomrijuabhttdumgxzbyxkwzfhqgejqmfeztrwwkujtck!
Case #7: Hello jpqwfqolrntntgkixudlkrrzlazmyqbizipdywfhugybfuytxwqubxnkkhduxedgkdbuxrotcfgpmmmcffhbyzcpvzqrrshxcwya!
Case #8: Hello edcycnvvjgbmzoyqtnarsomvfxytgkwplhfdtldbzmsgfjtgjkntxtmtgqobmfplyhotmlfsiwybeurzjxibngitplhloruyagkv!
Case #9: Hello fvzylwpmwqopmitamlikuetlsztojblipgxevpvwllywlkmnrjreslnikobbbuktmpcvovafufoumvdnjfbmkyheeoohdrsqkmlf!
Case #10: Hello jflyytyxsslgrdbwhzrhilymsdwulrwxvmibhiytrgjuqlnmilwivgmaypwzgbmkhcnriuxidfgwcorujefgrxkrlxeihkmaeahu!
Case #11: Hello jlzwoeifidpindgaabipveubeqtdxkjbywcfyhwmswbclfizacsoplxbbkrppssqdahfkicquluqqisstmrqaifsqhsaagaejzyh!
Case #12: Hello iepvfzcwxityiodfozcdatamjysnyxhhrksfumwqjuuzfoaafzdgyeuhrohasxoikajdpuiyaphswnbjmzxgwsyupzbqvxsgydku!
Case #13: Hello tumkjwlrlgqlxfdyxwggwsrsznwsocznemldxdetcfhlwwftahtlkcuvjspqatayxixblkraagtthpeiltroerpybvzghdlieoat!
Case #14: Hello qcbbhxqgpmxunygbzpwylojcokmugaajawssbnyvafwuzbwsujtkbfgdniezmcyiwgzcijycvleypjwywnzvraeyznybijastsbj!
Case #15: Hello otuljtscnmdnrmiqdqzpghkactcnuypsevwodjfbpuzmwdaatcsghgxtnsrbioruwkorvdjpddyhawfjsmsxoffgwnrftwyasyfa!
Case #16: Hello qkxkgcukwchggmyulnlbdayeonhlqrrdobwdeanrbzijtnhsxkgofldoaacogqwjzhacbxtutpiqmgiuacarrkyngpsguwrdoarm!
Case #17: Hello vzvfrhvyhboqtdmdhxzuxwioebiriwicxbcaksznbedhubfsgijydqkrndbgnidpxtsdfngvshrdaiaeqvoxryhbyftqsbuwmxxd!
Case #18: Hello zkkrurhjshkwuvkrnfszkhiusclofyrwirfuzvbjglthjfvorxvfhwkmkbosmrublinfadwwvgjayiuxpwtsqpshhwhxhyjsenqx!
Case #19: Hello bdguwenblbdwnhlyhrkzaayqhhzwrwwfdapruqqpbrqdubdsmzqijzhemhsrccqioeklszbtomihkwscnubgjqwqqzckjbtngtei!
Case #20: Hello iczksepymjfuknxdbimhrbvqvevtigewnnidryvxnsfhrzmryzgmftpriyvqcgzvlgvdpjhovxrojhpkjawvdwzzfnrzabqhgede!
