Case #1: Hello dyhdeehzuxfjozaqstxhcngwu!
Case #2: Hello hfhjgfeuwteqeuylcdntankkv!
Case #3: Hello fdqdvctlksjmthzzeeuxflnyj!
Case #4: Hello zldxgaozlhzbnyxlyaxrxorwc!
Case #5: Hello xnzodyppfblhtkxjtiwpsfanr!
Case #6: Hello pwugibngehnjbeyrshljmvfyz!
Case #7: Hello fjtwkrggpcdrrqxakhvlbnglc!
Case #8: Hello syajttsawxowklvlzersodjxy!
Case #9: Hello cdeirvbxhwjubchqafcjkbvun!
Case #10: Hello muzgblndocigkfsphihjwbkes!
Case #11: Hello tjopbfmahkawrnqqtbbznerds!
Case #12: Hello wlhggnnjusjfwitzbawgvzfsn!
Case #13: Hello rrokicizjroheqqqtykrfxpab!
Case #14: Hello fykqnjyjszvrnalhaqdbvxsdz!
Case #15: Hello mcetzfsdkowedcoppuucogbcl!
Case #16: Hello xkfwcmsoiopgkpnrccjiamntd!
Case #17: Hello elffbjaaxeobiyhttfieyawiw!
Case #18: Hello tayfimrtvbhkcwqzgvwlszwfu!
Case #19: Hello sbrwtquonbinrsxszgcwtndkp!
Case #20: Hello vhzlkymyuekpkvldsuxjcgyiv!
