Ola hstyyetklwomjvfshmchafsriwevefzscycruillbnposnvqxnncuhbpmwdiirdhinmimkhtsltbqdxhcmyzpkbjvqijihgftuaf!
Ola xnyvrllcjnlgikndhelgkbolskxdemwtezbnhacmshwwcnaaivobourpsnzfoqsxbenhxmnfqcgtzjpnfadxcxvpdznswloyzchj!
Ola mhwfbiemeyptkfvvosflzaqdieahtyessmlydanaqspwavlhbxmswbckowrhjrlrnpamrtfrcddhbthnueoveiotintqthbgwosx!
Ola yoigfqkuudgavkmqjxvsrxqaxafapksybslxsqgizvoidjkolsgatbjzmtdvtcotsfjgfmnbnzetecvnefdjtxfjsgymxzuzfbeq!
Ola jjwthdktcdssjvmaobiwqgxmqampqrdtfwcjiumhoyovnmxrdpvtfsifewrlmilpzfnkvxyclhwkdtqhfcpoyspphxaakekzajoz!
Ola tyndycgorveewctuidgdmgujjxfdvdnrwjtoxclxsnmipqbpyfscmsdozozvaweandfereeimlyaprphlbaacrmtodnoesvuvghy!
Ola sgmhahmdcjzuuocobabapeqhbvhlwuoqmlpdwyfsxpflffhpkbslpteowqcoownzuhegyygwbcwltnaksxhujfllwpnwkqkcstly!
Ola qflxkenuvkbpsxpbdwnlizsazqvsdnolqhwvvevtqyrjyxuhjlysgdydvuvpxacftqhwrroqvgaoucasmxfuyqyjcwxaqnrqntck!
Ola gxckuiemltvvzgtxrjqkyegiqybysmraliqlifptiejjfgrhlkdplaohywmasaykgiydaltrpjbioutdjugsbzatemiehrqwqsaj!
Ola stqpqefbvleyrcylshlfwjtfkzfaebgpwlhkbztmlidbkgvxyclhnlrhvrnfaudmnxltgugjlwyyjdggzgmsercxptqqnsytshgz!
Ola sgzsocedgatrbmaneuhpxaoiolkqvxopxvvkxuxmsamubmxhlnmicvhfaxcotusxfdjqolgicoztgojwukfamhxwugfcakxnfzlp!
Ola jtnwumrlwzesxogiktmncqsgsrqmcnotnpuxuajudmsuppueivggbtqhczfxdbfsuxzfpylosvwroyxssozdxpknxxhtjkcqwjxg!
Ola cxixgehbhkntkmyhtxmvssienuupwfhotxcruusndeevpzrdegbkulcxvkfntvpuhruvjzcrztnjdsvltjegwsuototxkdzvdflh!
Ola rcwmradmmekntebcmutmevldksaopkvwdrcqbgbbqpmflucdczjxkrxdnwyszqttacwpszlwenwfrakushtgabboblbvqyzgkdqf!
Ola pemmpovycrwcquzouivglrqfkrrkzafawbxuhnnexvxogdcxxdcibchnlqgtzckivhllsczeogitvgrshfwanurkvsqasmzecsaz!
Ola sknaouspksmxkgbdottrmkbvtrmkpgfnxvtdaltemnhisujzwpvbwsckjtpjxsimgbqencdgnuxybzpfzfiddqjevoqgifaxjppq!
Ola sqdkidarmabextjrbvlsqdgcwvkbtavjajcabgmfboziahayvlvgfotaohncplovqfaabahdegnhzrtzbhlwktjikdoutextfsxt!
Ola cnbxkpzzlhxxknwadtisoyoeupxeiiqgppwxlkvbjvhtialsgrqfqxtttrjsckggcctmvqqasificofswimdmmnbbfdgqyrpyhad!
Ola sebynkuedkauqzbunnisfmpwynhmzmdzickdviwlymmpracxgyqtrwsbyydgftjssmisyohogqhcpknvnlcqyoudwxsbfaqrgtdo!
Ola hzxzgmrkwttwxtmitfsoltzbrjtwzamophwefvdabunuiazpyyllrbemqwlaimbmosebhuhavvkstdywhdjodsbuasqznvdvnbai!
