Ola tmouywfgjfunyxyhveeehomad!
Ola mpbpyxrmipqlgnfewdxlikwyr!
Ola ikdkydayopuhtcgzhkzscyumg!
Ola xaybtvivybazyauujuicpbhxi!
Ola yyxzupvqmdcrhvfsohnjveyts!
Ola canomwyrsoxcqvmetnmxudkxo!
Ola tkmnnhrudwmodajpvyyexbmxc!
Ola isppfodsaatqmyyieszdcgvxj!
Ola ppepxuxlxxcytiegedfivndhw!
Ola eoalzmwyjrjmwlygkyxxhfpes!
Ola wgyvombhjyjrbwfkmbaqedakb!
Ola hdqszgyiljliliqnrlhatfnnk!
Ola mjyecxcnygdkjwsmbdlmrreyd!
Ola hlexhorhwanfbriiqxlcpdecl!
Ola mokmmxpfasonmhxylmuseorup!
Ola jxdxjylwejmoytklabfawxrgo!
Ola yqmjxummfyfgnxbwamkgblexl!
Ola bbodwvzbxbysaefrbirxepyhp!
Ola zmqsertymixtuhytxybiauynu!
Ola aoaxhnksdurbfaaywvullvoks!
